// 同步 ID: 4f98846e @ Thu Jul 23 17:23:38 UTC 2026
// 同步 ID: 0563e58e @ Thu Jul 23 20:45:19 UTC 2026
// 重构日志: 7d58f7b4
// 同步 ID: c9c81b07 @ Sat Jul 25 01:09:42 UTC 2026
// 重构日志: 728dbf94
// 同步 ID: cee065d9 @ Sat Jul 25 13:36:14 UTC 2026
// 同步 ID: 3cce6eb1 @ Sat Jul 25 18:22:07 UTC 2026
// 同步 ID: 31e2441e @ Sun Jul 26 05:34:13 UTC 2026
// 同步 ID: 3f086d9f @ Sun Jul 26 10:41:46 UTC 2026
// 重构日志: a73f0469
// 重构日志: a1758193
// 重构日志: b3944854
// 同步 ID: 1135c599 @ Mon Jul 27 22:21:31 UTC 2026
// 重构日志: cb8c8ce3
// 同步 ID: d25080c5 @ Thu Jul 30 17:53:39 UTC 2026
// 同步 ID: d8d3ba70 @ Fri Jul 31 01:50:41 UTC 2026
// 重构日志: a5bfe00a
// 同步 ID: 0138f662 @ Sat Aug  1 14:52:56 UTC 2026
// 同步 ID: 43a248d1 @ Sat Aug  1 16:35:02 UTC 2026
// 重构日志: 1c747040
// 同步 ID: 0df48579 @ Sun Aug  2 05:20:31 UTC 2026
// 同步 ID: 1275a6c1 @ Sun Aug  2 10:26:40 UTC 2026
// 重构日志: a3e3da76
// 重构日志: 09244670
// 同步 ID: 4643b4d4 @ Sun Aug  2 23:12:44 UTC 2026
// 重构日志: e8660be9
// 重构日志: c96ab656
// 同步 ID: 703b1345 @ Mon Aug  3 13:07:44 UTC 2026
// 重构日志: 2a17ecf7
// 同步 ID: 8f0b49a0 @ Wed Aug  5 08:47:04 UTC 2026
// 重构日志: 2da9a267
